../util/lzo/minilzo.c:3653:1:lzo_bitops_unused_funcs	8	static
../util/lzo/minilzo.c:3974:1:lzo_memops_unused_funcs	8	static
../util/lzo/minilzo.c:4175:1:__lzo_ptr_linear	24	static
../util/lzo/minilzo.c:4191:1:__lzo_align_gap	24	static
../util/lzo/minilzo.c:4235:1:lzo_copyright	8	static
../util/lzo/minilzo.c:4241:1:lzo_version	8	static
../util/lzo/minilzo.c:4247:1:lzo_version_string	8	static
../util/lzo/minilzo.c:4253:1:lzo_version_date	8	static
../util/lzo/minilzo.c:4259:1:_lzo_version_string	8	static
../util/lzo/minilzo.c:4265:1:_lzo_version_date	8	static
../util/lzo/minilzo.c:4280:1:lzo_adler32	40	static
../util/lzo/minilzo.c:4337:1:lzo_memcmp	24	static
../util/lzo/minilzo.c:4354:1:lzo_memcpy	24	static
../util/lzo/minilzo.c:4369:1:lzo_memmove	24	static
../util/lzo/minilzo.c:4395:1:lzo_memset	24	static
../util/lzo/minilzo.c:4440:33:u2p	16	static
../util/lzo/minilzo.c:4447:1:_lzo_config_check	232	static
../util/lzo/minilzo.c:4549:1:__lzo_init_v2	32	static
../util/lzo/minilzo.c:4925:1:lzo1x_1_compress_core	120	static
../util/lzo/minilzo.c:5212:1:lzo1x_1_compress	112	static
../util/lzo/minilzo.c:5395:1:lzo1x_decompress	48	static
../util/lzo/minilzo.c:5936:1:lzo1x_decompress_safe	48	static
